// Jest Snapshot v1, https://goo.gl/fbAQLP

exports[`NavigationItemsView component tests NavigationItemsView basic render 1`] = `
<View
  style={
    Object {
      "flexDirection": "row",
      "flexWrap": "wrap",
    }
  }
>
  <View
    accessible={true}
    collapsable={false}
    focusable={true}
    hitSlop={
      Object {
        "bottom": 20,
        "left": 20,
        "right": 4,
        "top": 20,
      }
    }
    onClick={[Function]}
    onResponderGrant={[Function]}
    onResponderMove={[Function]}
    onResponderRelease={[Function]}
    onResponderTerminate={[Function]}
    onResponderTerminationRequest={[Function]}
    onStartShouldSetResponder={[Function]}
    style={
      Object {
        "justifyContent": "center",
        "marginLeft": 8,
        "opacity": 1,
      }
    }
  >
    <Text
      style={
        Object {
          "alignSelf": "center",
          "color": "#ffffff",
          "fontSize": 16,
          "fontWeight": "normal",
        }
      }
    >
      Test
    </Text>
  </View>
  <View
    accessible={true}
    collapsable={false}
    focusable={true}
    hitSlop={
      Object {
        "bottom": 20,
        "left": 4,
        "right": 20,
        "top": 20,
      }
    }
    onClick={[Function]}
    onResponderGrant={[Function]}
    onResponderMove={[Function]}
    onResponderRelease={[Function]}
    onResponderTerminate={[Function]}
    onResponderTerminationRequest={[Function]}
    onStartShouldSetResponder={[Function]}
    style={
      Object {
        "justifyContent": "center",
        "marginLeft": 8,
        "opacity": 1,
      }
    }
  >
    <Image
      source={
        Object {
          "testUri": "../../../img/Search_Placeholder.png",
        }
      }
      style={
        Object {
          "height": 25,
          "width": 25,
        }
      }
    />
  </View>
</View>
`;

exports[`NavigationItemsView component tests NavigationItemsView empty render 1`] = `
<View
  style={
    Object {
      "flexDirection": "row",
      "flexWrap": "wrap",
    }
  }
/>
`;
